// Jest Snapshot v1, https://goo.gl/fbAQLP

exports[`<Signup /> matches the snapshoot 1`] = `<Signup />`;
