// Jest Snapshot v1, https://goo.gl/fbAQLP

exports[`landing page should show page is loading 1`] = `
<div
  className="row align-left question-board pl2 pb1 mb1 pls1"
>
  <div
    className="col9"
  >
    <div
      className="question-head mb1"
    >
      <h1>
         
        this is the title
      </h1>
      <span
        className="ml2"
      >
        5 days ago by
      </span>
      <span>
        Elpis
      </span>
    </div>
  </div>
  <div
    className="col3 pt1 pb1"
  >
    <button
      className="btn btn-success btn-md btn-shadow"
      id=""
    >
      Add an Answer
    </button>
  </div>
  <div
    className="question-body"
  />
</div>
`;
